<testsuites id="" name="" tests="2" failures="0" skipped="0" errors="0" time="1.6359989999998361">
<testsuite name="index-quicklink.spec.js" timestamp="2026-02-03T07:50:59.157Z" hostname="" tests="1" failures="0" skipped="0" time="0.342" errors="0">
<testcase name="homepage quick link navigates to My Mac Config" classname="index-quicklink.spec.js" time="0.342">
</testcase>
</testsuite>
<testsuite name="setup-guide.spec.js" timestamp="2026-02-03T07:50:59.157Z" hostname="" tests="1" failures="0" skipped="0" time="0.298" errors="0">
<testcase name="setup guide loads and TOC links work" classname="setup-guide.spec.js" time="0.298">
</testcase>
</testsuite>
</testsuites>